

An error occurred inside PHPUnit.

Message:  Please run [./vendor/bin/pest] instead.
Location: D:\Visual Studio Code Projects\library-project-backend\vendor\pestphp\pest\src\TestSuite.php:105

#0 D:\Visual Studio Code Projects\library-project-backend\vendor\pestphp\pest\src\Functions.php(149): Pest\TestSuite::getInstance()
#1 D:\Visual Studio Code Projects\library-project-backend\tests\Unit\ExampleTest.php(3): test()
#2 D:\Visual Studio Code Projects\library-project-backend\vendor\phpunit\phpunit\src\Runner\TestSuiteLoader.php(116): require_once('...')
#3 D:\Visual Studio Code Projects\library-project-backend\vendor\phpunit\phpunit\src\Runner\TestSuiteLoader.php(49): PHPUnit\Runner\TestSuiteLoader->loadSuiteClassFile()
#4 D:\Visual Studio Code Projects\library-project-backend\vendor\phpunit\phpunit\src\Framework\TestSuite.php(237): PHPUnit\Runner\TestSuiteLoader->load()
#5 D:\Visual Studio Code Projects\library-project-backend\vendor\phpunit\phpunit\src\TextUI\Configuration\Xml\TestSuiteMapper.php(104): PHPUnit\Framework\TestSuite->addTestFile()
#6 D:\Visual Studio Code Projects\library-project-backend\vendor\phpunit\phpunit\src\TextUI\Configuration\TestSuiteBuilder.php(75): PHPUnit\TextUI\XmlConfiguration\TestSuiteMapper->map()
#7 D:\Visual Studio Code Projects\library-project-backend\vendor\phpunit\phpunit\src\TextUI\Application.php(389): PHPUnit\TextUI\Configuration\TestSuiteBuilder->build()
#8 D:\Visual Studio Code Projects\library-project-backend\vendor\phpunit\phpunit\src\TextUI\Application.php(196): PHPUnit\TextUI\Application->buildTestSuite()
#9 D:\Visual Studio Code Projects\library-project-backend\vendor\phpunit\phpunit\phpunit(104): PHPUnit\TextUI\Application->run()
#10 D:\Visual Studio Code Projects\library-project-backend\vendor\bin\phpunit(122): include('...')
#11 {main}
